// Jest Snapshot v1, https://goo.gl/fbAQLP

exports[`QuizCard renders correctly 1`] = `
<div
  class="extra__quizcard"
>
  <p>
    Foo?
  </p>
  <button
    class="extra__btn"
  >
    Toggle answer
  </button>
</div>
`;
